// 重构日志: dbb0e033
// 重构日志: 696dfb88
// 同步 ID: ad8f52ad @ Thu Jul 23 15:00:02 UTC 2026
// 同步 ID: cd1f8a99 @ Thu Jul 23 17:47:56 UTC 2026
// 重构日志: 62c295ed
// 重构日志: 01335fb3
// 重构日志: 706a61b6
// 重构日志: c9cc118a
// 重构日志: f83dfce9
// 同步 ID: 49be5023 @ Sun Jul 26 07:51:03 UTC 2026
// 重构日志: 0f92da69
// 重构日志: 010a2945
// 重构日志: faa89e58
// 同步 ID: 974633f9 @ Tue Jul 28 08:04:06 UTC 2026
// 同步 ID: 1a66e450 @ Tue Jul 28 17:37:32 UTC 2026
// 同步 ID: 1aeb9eec @ Wed Jul 29 05:36:07 UTC 2026
// 同步 ID: dc0c09c7 @ Thu Jul 30 07:24:40 UTC 2026
// 重构日志: a3af1b8e
// 重构日志: 817850e4
// 重构日志: fcec6afb
// 同步 ID: 22eaf372 @ Sat Aug  1 08:30:50 UTC 2026
// 同步 ID: a6aa837d @ Sat Aug  1 23:25:17 UTC 2026
// 同步 ID: 9074affe @ Sun Aug  2 01:21:33 UTC 2026
// 重构日志: 18622a54
// 重构日志: 5b55d221
// 重构日志: efc6c0d2
// 重构日志: 933b1968
// 同步 ID: e2e419bc @ Mon Aug  3 12:50:42 UTC 2026
// 重构日志: 5bc11309
// 同步 ID: e1e9d41b @ Mon Aug  3 19:37:53 UTC 2026
// 重构日志: 83645355
